version https://git-lfs.github.com/spec/v1
oid sha256:92d70fdbaeb2424312e241e802e5209c0174a51aa95f39ada94ee9c4bdff49aa
size 276602880
