version https://git-lfs.github.com/spec/v1
oid sha256:33647ff13eddf288d810b057621d235a265d99e85a1e9e6c5173f8f6cf9b4e38
size 276598784
